2026-09-09 02:56:50.780: [INFO] CurrentProfilePath: C:\02Workspaces\12SpringBoot\treader_Eugene_Kong\.metadata\.plugins\org.eclipse.swt\EBWebView\Default
2026-09-09 02:56:50.780: [INFO] Profiles total count: 1
2026-09-09 02:56:50.780: [INFO] Profile: name=프로필 1 path=C:\02Workspaces\12SpringBoot\treader_Eugene_Kong\.metadata\.plugins\org.eclipse.swt\EBWebView\Default lastActive=null
2026-09-09 02:56:50.780: [INFO] LastUsedProfileDir: C:\02Workspaces\12SpringBoot\treader_Eugene_Kong\.metadata\.plugins\org.eclipse.swt\EBWebView\Default
2026-09-09 02:56:50.780: [INFO] OnDoneLoading sync enabled: 0
2026-09-09 02:56:50.780: [INFO] BookmarkModelLoaded, ids_reassigned: 0
2026-09-09 02:56:50.780: [INFO] BookmarksLoadDropped droppedNodes=0
2026-09-09 02:56:50.780: [INFO] BookmarksSnapshot Startup total=0 bar=0 other=0 mobile=0 showBar=0 showBarNTP=1
2026-09-09 02:56:58.302: [INFO] BookmarksSnapshot Shutdown total=0 bar=0 other=0 mobile=0 showBar=0 showBarNTP=1
2026-09-09 02:57:02.812: [INFO] CurrentProfilePath: C:\02Workspaces\12SpringBoot\treader_Eugene_Kong\.metadata\.plugins\org.eclipse.swt\EBWebView\Default
2026-09-09 02:57:02.812: [INFO] Profiles total count: 1
2026-09-09 02:57:02.812: [INFO] Profile: name=프로필 1 path=C:\02Workspaces\12SpringBoot\treader_Eugene_Kong\.metadata\.plugins\org.eclipse.swt\EBWebView\Default lastActive=2026-09-09T02:56:52.432Z
2026-09-09 02:57:02.812: [INFO] LastUsedProfileDir: C:\02Workspaces\12SpringBoot\treader_Eugene_Kong\.metadata\.plugins\org.eclipse.swt\EBWebView\Default
2026-09-09 02:57:02.812: [INFO] MostRecentlyActiveProfile: name=프로필 1 path=C:\02Workspaces\12SpringBoot\treader_Eugene_Kong\.metadata\.plugins\org.eclipse.swt\EBWebView\Default lastActive=2026-09-09T02:56:52.432Z
2026-09-09 02:57:02.812: [INFO] OnDoneLoading sync enabled: 0
2026-09-09 02:57:02.812: [INFO] BookmarkModelLoaded, ids_reassigned: 0
2026-09-09 02:57:02.812: [INFO] BookmarksLoadDropped droppedNodes=0
2026-09-09 02:57:02.812: [INFO] BookmarksSnapshot Startup total=0 bar=0 other=0 mobile=0 showBar=0 showBarNTP=1
2026-09-09 02:58:06.208: [INFO] BookmarksSnapshot Shutdown total=0 bar=0 other=0 mobile=0 showBar=0 showBarNTP=1
2026-09-09 02:59:44.600: [INFO] CurrentProfilePath: C:\02Workspaces\12SpringBoot\treader_Eugene_Kong\.metadata\.plugins\org.eclipse.swt\EBWebView\Default
2026-09-09 02:59:44.600: [INFO] Profiles total count: 1
2026-09-09 02:59:44.600: [INFO] Profile: name=프로필 1 path=C:\02Workspaces\12SpringBoot\treader_Eugene_Kong\.metadata\.plugins\org.eclipse.swt\EBWebView\Default lastActive=2026-09-09T02:56:52.432Z
2026-09-09 02:59:44.600: [INFO] LastUsedProfileDir: C:\02Workspaces\12SpringBoot\treader_Eugene_Kong\.metadata\.plugins\org.eclipse.swt\EBWebView\Default
2026-09-09 02:59:44.600: [INFO] MostRecentlyActiveProfile: name=프로필 1 path=C:\02Workspaces\12SpringBoot\treader_Eugene_Kong\.metadata\.plugins\org.eclipse.swt\EBWebView\Default lastActive=2026-09-09T02:56:52.432Z
2026-09-09 02:59:44.600: [INFO] OnDoneLoading sync enabled: 0
2026-09-09 02:59:44.600: [INFO] BookmarkModelLoaded, ids_reassigned: 0
2026-09-09 02:59:44.600: [INFO] BookmarksLoadDropped droppedNodes=0
2026-09-09 02:59:44.600: [INFO] BookmarksSnapshot Startup total=0 bar=0 other=0 mobile=0 showBar=0 showBarNTP=1
2026-09-09 03:15:30.542: [INFO] BookmarksSnapshot Shutdown total=0 bar=0 other=0 mobile=0 showBar=0 showBarNTP=1
